<?xml version="1.0" encoding="UTF-8"?>
<testsuites>
  <testsuite name="C:\laragon\www\phpunit.xml" tests="102" assertions="364" errors="0" failures="0" skipped="0" time="4.643904">
    <testsuite name="Unit" tests="30" assertions="108" errors="0" failures="0" skipped="0" time="1.638467">
      <testsuite name="Tests\Unit\AnalyticsServiceTest" file="C:\laragon\www\tests\Unit\AnalyticsServiceTest.php" tests="9" assertions="34" errors="0" failures="0" skipped="0" time="0.914198">
        <testcase name="it_can_get_dashboard_kpis" file="C:\laragon\www\tests\Unit\AnalyticsServiceTest.php" line="51" class="Tests\Unit\AnalyticsServiceTest" classname="Tests.Unit.AnalyticsServiceTest" assertions="9" time="0.653208"/>
        <testcase name="it_can_get_inventory_summary" file="C:\laragon\www\tests\Unit\AnalyticsServiceTest.php" line="91" class="Tests\Unit\AnalyticsServiceTest" classname="Tests.Unit.AnalyticsServiceTest" assertions="9" time="0.028783"/>
        <testcase name="it_can_identify_low_stock_products" file="C:\laragon\www\tests\Unit\AnalyticsServiceTest.php" line="121" class="Tests\Unit\AnalyticsServiceTest" classname="Tests.Unit.AnalyticsServiceTest" assertions="3" time="0.029825"/>
        <testcase name="it_can_identify_out_of_stock_products" file="C:\laragon\www\tests\Unit\AnalyticsServiceTest.php" line="143" class="Tests\Unit\AnalyticsServiceTest" classname="Tests.Unit.AnalyticsServiceTest" assertions="3" time="0.030422"/>
        <testcase name="it_can_identify_expiring_products" file="C:\laragon\www\tests\Unit\AnalyticsServiceTest.php" line="164" class="Tests\Unit\AnalyticsServiceTest" classname="Tests.Unit.AnalyticsServiceTest" assertions="3" time="0.029578"/>
        <testcase name="it_can_get_sales_trends" file="C:\laragon\www\tests\Unit\AnalyticsServiceTest.php" line="186" class="Tests\Unit\AnalyticsServiceTest" classname="Tests.Unit.AnalyticsServiceTest" assertions="2" time="0.045101"/>
        <testcase name="it_can_get_top_selling_products" file="C:\laragon\www\tests\Unit\AnalyticsServiceTest.php" line="215" class="Tests\Unit\AnalyticsServiceTest" classname="Tests.Unit.AnalyticsServiceTest" assertions="3" time="0.034493"/>
        <testcase name="it_caches_kpis_results" file="C:\laragon\www\tests\Unit\AnalyticsServiceTest.php" line="257" class="Tests\Unit\AnalyticsServiceTest" classname="Tests.Unit.AnalyticsServiceTest" assertions="1" time="0.031268"/>
        <testcase name="it_respects_branch_scoping" file="C:\laragon\www\tests\Unit\AnalyticsServiceTest.php" line="279" class="Tests\Unit\AnalyticsServiceTest" classname="Tests.Unit.AnalyticsServiceTest" assertions="1" time="0.031520"/>
      </testsuite>
      <testsuite name="Tests\Unit\BranchLimitTest" file="C:\laragon\www\tests\Unit\BranchLimitTest.php" tests="5" assertions="17" errors="0" failures="0" skipped="0" time="0.155431">
        <testcase name="test_company_can_have_unlimited_branches" file="C:\laragon\www\tests\Unit\BranchLimitTest.php" line="15" class="Tests\Unit\BranchLimitTest" classname="Tests.Unit.BranchLimitTest" assertions="3" time="0.026110"/>
        <testcase name="test_company_respects_branch_limit" file="C:\laragon\www\tests\Unit\BranchLimitTest.php" line="27" class="Tests\Unit\BranchLimitTest" classname="Tests.Unit.BranchLimitTest" assertions="6" time="0.048192"/>
        <testcase name="test_branch_limit_service_enforcement" file="C:\laragon\www\tests\Unit\BranchLimitTest.php" line="45" class="Tests\Unit\BranchLimitTest" classname="Tests.Unit.BranchLimitTest" assertions="3" time="0.028198"/>
        <testcase name="test_decreasing_limit_does_not_delete_branches" file="C:\laragon\www\tests\Unit\BranchLimitTest.php" line="64" class="Tests\Unit\BranchLimitTest" classname="Tests.Unit.BranchLimitTest" assertions="3" time="0.025979"/>
        <testcase name="test_branch_count_caching" file="C:\laragon\www\tests\Unit\BranchLimitTest.php" line="80" class="Tests\Unit\BranchLimitTest" classname="Tests.Unit.BranchLimitTest" assertions="2" time="0.026952"/>
      </testsuite>
      <testsuite name="Tests\Unit\RbacTest" file="C:\laragon\www\tests\Unit\RbacTest.php" tests="4" assertions="7" errors="0" failures="0" skipped="0" time="0.112452">
        <testcase name="test_user_can_have_multiple_roles" file="C:\laragon\www\tests\Unit\RbacTest.php" line="15" class="Tests\Unit\RbacTest" classname="Tests.Unit.RbacTest" assertions="3" time="0.033095"/>
        <testcase name="test_role_permission_inheritance" file="C:\laragon\www\tests\Unit\RbacTest.php" line="29" class="Tests\Unit\RbacTest" classname="Tests.Unit.RbacTest" assertions="1" time="0.027878"/>
        <testcase name="test_permission_removal_clears_cache" file="C:\laragon\www\tests\Unit\RbacTest.php" line="41" class="Tests\Unit\RbacTest" classname="Tests.Unit.RbacTest" assertions="2" time="0.027239"/>
        <testcase name="test_system_roles_cannot_be_deleted" file="C:\laragon\www\tests\Unit\RbacTest.php" line="57" class="Tests\Unit\RbacTest" classname="Tests.Unit.RbacTest" assertions="1" time="0.024239"/>
      </testsuite>
      <testsuite name="Tests\Unit\StockTransferServiceTest" file="C:\laragon\www\tests\Unit\StockTransferServiceTest.php" tests="12" assertions="50" errors="0" failures="0" skipped="0" time="0.456386">
        <testcase name="test_create_transfer" file="C:\laragon\www\tests\Unit\StockTransferServiceTest.php" line="75" class="Tests\Unit\StockTransferServiceTest" classname="Tests.Unit.StockTransferServiceTest" assertions="11" time="0.035702"/>
        <testcase name="test_approve_transfer" file="C:\laragon\www\tests\Unit\StockTransferServiceTest.php" line="112" class="Tests\Unit\StockTransferServiceTest" classname="Tests.Unit.StockTransferServiceTest" assertions="4" time="0.035116"/>
        <testcase name="test_reject_transfer" file="C:\laragon\www\tests\Unit\StockTransferServiceTest.php" line="136" class="Tests\Unit\StockTransferServiceTest" classname="Tests.Unit.StockTransferServiceTest" assertions="5" time="0.032474"/>
        <testcase name="test_ship_transfer" file="C:\laragon\www\tests\Unit\StockTransferServiceTest.php" line="165" class="Tests\Unit\StockTransferServiceTest" classname="Tests.Unit.StockTransferServiceTest" assertions="6" time="0.040383"/>
        <testcase name="test_receive_transfer" file="C:\laragon\www\tests\Unit\StockTransferServiceTest.php" line="213" class="Tests\Unit\StockTransferServiceTest" classname="Tests.Unit.StockTransferServiceTest" assertions="7" time="0.042020"/>
        <testcase name="test_cancel_transfer" file="C:\laragon\www\tests\Unit\StockTransferServiceTest.php" line="266" class="Tests\Unit\StockTransferServiceTest" classname="Tests.Unit.StockTransferServiceTest" assertions="3" time="0.036744"/>
        <testcase name="test_cancel_in_transit_transfer_restores_stock" file="C:\laragon\www\tests\Unit\StockTransferServiceTest.php" line="289" class="Tests\Unit\StockTransferServiceTest" classname="Tests.Unit.StockTransferServiceTest" assertions="4" time="0.039308"/>
        <testcase name="test_get_transfers_with_filters" file="C:\laragon\www\tests\Unit\StockTransferServiceTest.php" line="330" class="Tests\Unit\StockTransferServiceTest" classname="Tests.Unit.StockTransferServiceTest" assertions="2" time="0.046444"/>
        <testcase name="test_get_transfer_statistics" file="C:\laragon\www\tests\Unit\StockTransferServiceTest.php" line="356" class="Tests\Unit\StockTransferServiceTest" classname="Tests.Unit.StockTransferServiceTest" assertions="5" time="0.052610"/>
        <testcase name="test_approve_non_pending_transfer_fails" file="C:\laragon\www\tests\Unit\StockTransferServiceTest.php" line="386" class="Tests\Unit\StockTransferServiceTest" classname="Tests.Unit.StockTransferServiceTest" assertions="1" time="0.031649"/>
        <testcase name="test_ship_non_approved_transfer_fails" file="C:\laragon\www\tests\Unit\StockTransferServiceTest.php" line="404" class="Tests\Unit\StockTransferServiceTest" classname="Tests.Unit.StockTransferServiceTest" assertions="1" time="0.031963"/>
        <testcase name="test_receive_non_in_transit_transfer_fails" file="C:\laragon\www\tests\Unit\StockTransferServiceTest.php" line="422" class="Tests\Unit\StockTransferServiceTest" classname="Tests.Unit.StockTransferServiceTest" assertions="1" time="0.031972"/>
      </testsuite>
    </testsuite>
    <testsuite name="Feature" tests="72" assertions="256" errors="0" failures="0" skipped="0" time="3.005437">
      <testsuite name="Tests\Feature\AdminDrugApiTest" file="C:\laragon\www\tests\Feature\AdminDrugApiTest.php" tests="1" assertions="3" errors="0" failures="0" skipped="0" time="0.087129">
        <testcase name="test_admin_can_create_drug_under_tenant" file="C:\laragon\www\tests\Feature\AdminDrugApiTest.php" line="16" class="Tests\Feature\AdminDrugApiTest" classname="Tests.Feature.AdminDrugApiTest" assertions="3" time="0.087129"/>
      </testsuite>
      <testsuite name="Tests\Feature\AdminDrugListTest" file="C:\laragon\www\tests\Feature\AdminDrugListTest.php" tests="1" assertions="5" errors="0" failures="0" skipped="0" time="0.037326">
        <testcase name="test_admin_can_list_and_search_drugs" file="C:\laragon\www\tests\Feature\AdminDrugListTest.php" line="16" class="Tests\Feature\AdminDrugListTest" classname="Tests.Feature.AdminDrugListTest" assertions="5" time="0.037326"/>
      </testsuite>
      <testsuite name="Tests\Feature\AuthLoginTest" file="C:\laragon\www\tests\Feature\AuthLoginTest.php" tests="1" assertions="9" errors="0" failures="0" skipped="0" time="0.052873">
        <testcase name="test_user_can_login_and_receive_token" file="C:\laragon\www\tests\Feature\AuthLoginTest.php" line="14" class="Tests\Feature\AuthLoginTest" classname="Tests.Feature.AuthLoginTest" assertions="9" time="0.052873"/>
      </testsuite>
      <testsuite name="Tests\Feature\BranchLimitApiTest" file="C:\laragon\www\tests\Feature\BranchLimitApiTest.php" tests="2" assertions="2" errors="0" failures="0" skipped="0" time="0.049148">
        <testcase name="test_super_admin_can_view_branch_limit_index" file="C:\laragon\www\tests\Feature\BranchLimitApiTest.php" line="15" class="Tests\Feature\BranchLimitApiTest" classname="Tests.Feature.BranchLimitApiTest" assertions="1" time="0.025229"/>
        <testcase name="test_non_super_admin_cannot_update_branch_limit" file="C:\laragon\www\tests\Feature\BranchLimitApiTest.php" line="23" class="Tests\Feature\BranchLimitApiTest" classname="Tests.Feature.BranchLimitApiTest" assertions="1" time="0.023919"/>
      </testsuite>
      <testsuite name="Tests\Feature\DemoDrugTenantTest" file="C:\laragon\www\tests\Feature\DemoDrugTenantTest.php" tests="1" assertions="3" errors="0" failures="0" skipped="0" time="0.029701">
        <testcase name="test_demo_drugs_are_scoped_to_tenant" file="C:\laragon\www\tests\Feature\DemoDrugTenantTest.php" line="16" class="Tests\Feature\DemoDrugTenantTest" classname="Tests.Feature.DemoDrugTenantTest" assertions="3" time="0.029701"/>
      </testsuite>
      <testsuite name="Tests\Feature\DemoInventoryTest" file="C:\laragon\www\tests\Feature\DemoInventoryTest.php" tests="1" assertions="2" errors="0" failures="0" skipped="0" time="0.034174">
        <testcase name="test_inventory_seed_creates_prices_and_stocks_when_tables_exist" file="C:\laragon\www\tests\Feature\DemoInventoryTest.php" line="17" class="Tests\Feature\DemoInventoryTest" classname="Tests.Feature.DemoInventoryTest" assertions="2" time="0.034174"/>
      </testsuite>
      <testsuite name="Tests\Feature\DocsIndexTest" file="C:\laragon\www\tests\Feature\DocsIndexTest.php" tests="1" assertions="3" errors="0" failures="0" skipped="0" time="0.038176">
        <testcase name="test_docs_index_renders_successfully" file="C:\laragon\www\tests\Feature\DocsIndexTest.php" line="9" class="Tests\Feature\DocsIndexTest" classname="Tests.Feature.DocsIndexTest" assertions="3" time="0.038176"/>
      </testsuite>
      <testsuite name="Tests\Feature\DocsPageTest" file="C:\laragon\www\tests\Feature\DocsPageTest.php" tests="1" assertions="3" errors="0" failures="0" skipped="0" time="0.093893">
        <testcase name="test_pharmasync_docs_page_renders_successfully" file="C:\laragon\www\tests\Feature\DocsPageTest.php" line="9" class="Tests\Feature\DocsPageTest" classname="Tests.Feature.DocsPageTest" assertions="3" time="0.093893"/>
      </testsuite>
      <testsuite name="Tests\Feature\DrugApiTest" file="C:\laragon\www\tests\Feature\DrugApiTest.php" tests="1" assertions="5" errors="0" failures="0" skipped="0" time="0.042973">
        <testcase name="test_drugs_index_and_show_are_tenant_scoped" file="C:\laragon\www\tests\Feature\DrugApiTest.php" line="15" class="Tests\Feature\DrugApiTest" classname="Tests.Feature.DrugApiTest" assertions="5" time="0.042973"/>
      </testsuite>
      <testsuite name="Tests\Feature\ExampleTest" file="C:\laragon\www\tests\Feature\ExampleTest.php" tests="1" assertions="1" errors="0" failures="0" skipped="0" time="0.028556">
        <testcase name="test_the_application_returns_a_successful_response" file="C:\laragon\www\tests\Feature\ExampleTest.php" line="9" class="Tests\Feature\ExampleTest" classname="Tests.Feature.ExampleTest" assertions="1" time="0.028556"/>
      </testsuite>
      <testsuite name="Tests\Feature\GoodsReceivedNoteControllerTest" file="C:\laragon\www\tests\Feature\GoodsReceivedNoteControllerTest.php" tests="1" assertions="5" errors="0" failures="0" skipped="0" time="0.045241">
        <testcase name="test_can_create_goods_received_note_and_update_purchase_order_status" file="C:\laragon\www\tests\Feature\GoodsReceivedNoteControllerTest.php" line="19" class="Tests\Feature\GoodsReceivedNoteControllerTest" classname="Tests.Feature.GoodsReceivedNoteControllerTest" assertions="5" time="0.045241"/>
      </testsuite>
      <testsuite name="Tests\Feature\InsuranceClaimControllerTest" file="C:\laragon\www\tests\Feature\InsuranceClaimControllerTest.php" tests="13" assertions="29" errors="0" failures="0" skipped="0" time="0.561034">
        <testcase name="test_can_list_insurance_claims" file="C:\laragon\www\tests\Feature\InsuranceClaimControllerTest.php" line="65" class="Tests\Feature\InsuranceClaimControllerTest" classname="Tests.Feature.InsuranceClaimControllerTest" assertions="2" time="0.059233"/>
        <testcase name="test_can_create_insurance_claim" file="C:\laragon\www\tests\Feature\InsuranceClaimControllerTest.php" line="84" class="Tests\Feature\InsuranceClaimControllerTest" classname="Tests.Feature.InsuranceClaimControllerTest" assertions="4" time="0.038796"/>
        <testcase name="test_cannot_create_insurance_claim_without_authentication" file="C:\laragon\www\tests\Feature\InsuranceClaimControllerTest.php" line="108" class="Tests\Feature\InsuranceClaimControllerTest" classname="Tests.Feature.InsuranceClaimControllerTest" assertions="1" time="0.032094"/>
        <testcase name="test_can_show_insurance_claim" file="C:\laragon\www\tests\Feature\InsuranceClaimControllerTest.php" line="121" class="Tests\Feature\InsuranceClaimControllerTest" classname="Tests.Feature.InsuranceClaimControllerTest" assertions="2" time="0.037913"/>
        <testcase name="test_cannot_access_insurance_claim_from_different_company" file="C:\laragon\www\tests\Feature\InsuranceClaimControllerTest.php" line="140" class="Tests\Feature\InsuranceClaimControllerTest" classname="Tests.Feature.InsuranceClaimControllerTest" assertions="1" time="0.045973"/>
        <testcase name="test_can_submit_insurance_claim" file="C:\laragon\www\tests\Feature\InsuranceClaimControllerTest.php" line="163" class="Tests\Feature\InsuranceClaimControllerTest" classname="Tests.Feature.InsuranceClaimControllerTest" assertions="3" time="0.041328"/>
        <testcase name="test_cannot_submit_processed_claim" file="C:\laragon\www\tests\Feature\InsuranceClaimControllerTest.php" line="188" class="Tests\Feature\InsuranceClaimControllerTest" classname="Tests.Feature.InsuranceClaimControllerTest" assertions="1" time="0.039428"/>
        <testcase name="test_can_approve_insurance_claim" file="C:\laragon\www\tests\Feature\InsuranceClaimControllerTest.php" line="207" class="Tests\Feature\InsuranceClaimControllerTest" classname="Tests.Feature.InsuranceClaimControllerTest" assertions="4" time="0.041501"/>
        <testcase name="test_can_reject_insurance_claim" file="C:\laragon\www\tests\Feature\InsuranceClaimControllerTest.php" line="236" class="Tests\Feature\InsuranceClaimControllerTest" classname="Tests.Feature.InsuranceClaimControllerTest" assertions="4" time="0.041205"/>
        <testcase name="test_can_update_pending_claim" file="C:\laragon\www\tests\Feature\InsuranceClaimControllerTest.php" line="264" class="Tests\Feature\InsuranceClaimControllerTest" classname="Tests.Feature.InsuranceClaimControllerTest" assertions="2" time="0.048532"/>
        <testcase name="test_cannot_update_processed_claim" file="C:\laragon\www\tests\Feature\InsuranceClaimControllerTest.php" line="287" class="Tests\Feature\InsuranceClaimControllerTest" classname="Tests.Feature.InsuranceClaimControllerTest" assertions="1" time="0.046552"/>
        <testcase name="test_can_delete_pending_claim" file="C:\laragon\www\tests\Feature\InsuranceClaimControllerTest.php" line="308" class="Tests\Feature\InsuranceClaimControllerTest" classname="Tests.Feature.InsuranceClaimControllerTest" assertions="2" time="0.051462"/>
        <testcase name="test_cannot_delete_processed_claim" file="C:\laragon\www\tests\Feature\InsuranceClaimControllerTest.php" line="331" class="Tests\Feature\InsuranceClaimControllerTest" classname="Tests.Feature.InsuranceClaimControllerTest" assertions="2" time="0.037018"/>
      </testsuite>
      <testsuite name="Tests\Feature\LandingPageTest" file="C:\laragon\www\tests\Feature\LandingPageTest.php" tests="2" assertions="7" errors="0" failures="0" skipped="0" time="0.054348">
        <testcase name="test_home_page_renders_successfully" file="C:\laragon\www\tests\Feature\LandingPageTest.php" line="9" class="Tests\Feature\LandingPageTest" classname="Tests.Feature.LandingPageTest" assertions="3" time="0.028463"/>
        <testcase name="test_features_page_renders_successfully" file="C:\laragon\www\tests\Feature\LandingPageTest.php" line="18" class="Tests\Feature\LandingPageTest" classname="Tests.Feature.LandingPageTest" assertions="4" time="0.025885"/>
      </testsuite>
      <testsuite name="Tests\Feature\OrderControllerTest" file="C:\laragon\www\tests\Feature\OrderControllerTest.php" tests="9" assertions="18" errors="0" failures="0" skipped="0" time="0.304528">
        <testcase name="test_can_list_orders" file="C:\laragon\www\tests\Feature\OrderControllerTest.php" line="42" class="Tests\Feature\OrderControllerTest" classname="Tests.Feature.OrderControllerTest" assertions="2" time="0.037734"/>
        <testcase name="test_can_create_order" file="C:\laragon\www\tests\Feature\OrderControllerTest.php" line="56" class="Tests\Feature\OrderControllerTest" classname="Tests.Feature.OrderControllerTest" assertions="5" time="0.034182"/>
        <testcase name="test_cannot_create_order_without_authentication" file="C:\laragon\www\tests\Feature\OrderControllerTest.php" line="88" class="Tests\Feature\OrderControllerTest" classname="Tests.Feature.OrderControllerTest" assertions="1" time="0.030419"/>
        <testcase name="test_can_show_order" file="C:\laragon\www\tests\Feature\OrderControllerTest.php" line="104" class="Tests\Feature\OrderControllerTest" classname="Tests.Feature.OrderControllerTest" assertions="2" time="0.033252"/>
        <testcase name="test_cannot_access_order_from_different_company" file="C:\laragon\www\tests\Feature\OrderControllerTest.php" line="118" class="Tests\Feature\OrderControllerTest" classname="Tests.Feature.OrderControllerTest" assertions="1" time="0.034018"/>
        <testcase name="test_can_update_pending_order" file="C:\laragon\www\tests\Feature\OrderControllerTest.php" line="136" class="Tests\Feature\OrderControllerTest" classname="Tests.Feature.OrderControllerTest" assertions="2" time="0.035644"/>
        <testcase name="test_cannot_update_processed_order" file="C:\laragon\www\tests\Feature\OrderControllerTest.php" line="153" class="Tests\Feature\OrderControllerTest" classname="Tests.Feature.OrderControllerTest" assertions="1" time="0.036361"/>
        <testcase name="test_can_delete_pending_order" file="C:\laragon\www\tests\Feature\OrderControllerTest.php" line="169" class="Tests\Feature\OrderControllerTest" classname="Tests.Feature.OrderControllerTest" assertions="2" time="0.031441"/>
        <testcase name="test_cannot_delete_processed_order" file="C:\laragon\www\tests\Feature\OrderControllerTest.php" line="187" class="Tests\Feature\OrderControllerTest" classname="Tests.Feature.OrderControllerTest" assertions="2" time="0.031475"/>
      </testsuite>
      <testsuite name="Tests\Feature\Phase2OrdersTest" file="C:\laragon\www\tests\Feature\Phase2OrdersTest.php" tests="1" assertions="6" errors="0" failures="0" skipped="0" time="0.039903">
        <testcase name="test_create_order_via_api_and_model" file="C:\laragon\www\tests\Feature\Phase2OrdersTest.php" line="20" class="Tests\Feature\Phase2OrdersTest" classname="Tests.Feature.Phase2OrdersTest" assertions="6" time="0.039903"/>
      </testsuite>
      <testsuite name="Tests\Feature\ProductImportTest" file="C:\laragon\www\tests\Feature\ProductImportTest.php" tests="1" assertions="4" errors="0" failures="0" skipped="0" time="0.030943">
        <testcase name="test_import_json_creates_products" file="C:\laragon\www\tests\Feature\ProductImportTest.php" line="14" class="Tests\Feature\ProductImportTest" classname="Tests.Feature.ProductImportTest" assertions="4" time="0.030943"/>
      </testsuite>
      <testsuite name="Tests\Feature\PurchaseOrderApprovalTest" file="C:\laragon\www\tests\Feature\PurchaseOrderApprovalTest.php" tests="1" assertions="4" errors="0" failures="0" skipped="0" time="0.028189">
        <testcase name="test_admin_can_approve_purchase_order" file="C:\laragon\www\tests\Feature\PurchaseOrderApprovalTest.php" line="19" class="Tests\Feature\PurchaseOrderApprovalTest" classname="Tests.Feature.PurchaseOrderApprovalTest" assertions="4" time="0.028189"/>
      </testsuite>
      <testsuite name="Tests\Feature\PurchaseOrderControllerTest" file="C:\laragon\www\tests\Feature\PurchaseOrderControllerTest.php" tests="12" assertions="25" errors="0" failures="0" skipped="0" time="0.448768">
        <testcase name="test_can_list_purchase_orders" file="C:\laragon\www\tests\Feature\PurchaseOrderControllerTest.php" line="49" class="Tests\Feature\PurchaseOrderControllerTest" classname="Tests.Feature.PurchaseOrderControllerTest" assertions="2" time="0.039368"/>
        <testcase name="test_can_create_purchase_order" file="C:\laragon\www\tests\Feature\PurchaseOrderControllerTest.php" line="64" class="Tests\Feature\PurchaseOrderControllerTest" classname="Tests.Feature.PurchaseOrderControllerTest" assertions="5" time="0.036639"/>
        <testcase name="test_cannot_create_purchase_order_without_authentication" file="C:\laragon\www\tests\Feature\PurchaseOrderControllerTest.php" line="96" class="Tests\Feature\PurchaseOrderControllerTest" classname="Tests.Feature.PurchaseOrderControllerTest" assertions="1" time="0.031147"/>
        <testcase name="test_can_show_purchase_order" file="C:\laragon\www\tests\Feature\PurchaseOrderControllerTest.php" line="113" class="Tests\Feature\PurchaseOrderControllerTest" classname="Tests.Feature.PurchaseOrderControllerTest" assertions="2" time="0.041006"/>
        <testcase name="test_cannot_access_purchase_order_from_different_company" file="C:\laragon\www\tests\Feature\PurchaseOrderControllerTest.php" line="128" class="Tests\Feature\PurchaseOrderControllerTest" classname="Tests.Feature.PurchaseOrderControllerTest" assertions="1" time="0.041698"/>
        <testcase name="test_can_approve_purchase_order" file="C:\laragon\www\tests\Feature\PurchaseOrderControllerTest.php" line="147" class="Tests\Feature\PurchaseOrderControllerTest" classname="Tests.Feature.PurchaseOrderControllerTest" assertions="3" time="0.035444"/>
        <testcase name="test_can_send_purchase_order" file="C:\laragon\www\tests\Feature\PurchaseOrderControllerTest.php" line="168" class="Tests\Feature\PurchaseOrderControllerTest" classname="Tests.Feature.PurchaseOrderControllerTest" assertions="2" time="0.036152"/>
        <testcase name="test_can_cancel_purchase_order" file="C:\laragon\www\tests\Feature\PurchaseOrderControllerTest.php" line="184" class="Tests\Feature\PurchaseOrderControllerTest" classname="Tests.Feature.PurchaseOrderControllerTest" assertions="2" time="0.035448"/>
        <testcase name="test_can_update_draft_purchase_order" file="C:\laragon\www\tests\Feature\PurchaseOrderControllerTest.php" line="200" class="Tests\Feature\PurchaseOrderControllerTest" classname="Tests.Feature.PurchaseOrderControllerTest" assertions="2" time="0.036652"/>
        <testcase name="test_cannot_update_processed_purchase_order" file="C:\laragon\www\tests\Feature\PurchaseOrderControllerTest.php" line="218" class="Tests\Feature\PurchaseOrderControllerTest" classname="Tests.Feature.PurchaseOrderControllerTest" assertions="1" time="0.035064"/>
        <testcase name="test_can_delete_draft_purchase_order" file="C:\laragon\www\tests\Feature\PurchaseOrderControllerTest.php" line="235" class="Tests\Feature\PurchaseOrderControllerTest" classname="Tests.Feature.PurchaseOrderControllerTest" assertions="2" time="0.042187"/>
        <testcase name="test_cannot_delete_processed_purchase_order" file="C:\laragon\www\tests\Feature\PurchaseOrderControllerTest.php" line="254" class="Tests\Feature\PurchaseOrderControllerTest" classname="Tests.Feature.PurchaseOrderControllerTest" assertions="2" time="0.037964"/>
      </testsuite>
      <testsuite name="Tests\Feature\PurchaseOrderReturnControllerTest" file="C:\laragon\www\tests\Feature\PurchaseOrderReturnControllerTest.php" tests="3" assertions="17" errors="0" failures="0" skipped="0" time="0.135547">
        <testcase name="test_can_create_purchase_order_return_and_decrement_received_quantity" file="C:\laragon\www\tests\Feature\PurchaseOrderReturnControllerTest.php" line="20" class="Tests\Feature\PurchaseOrderReturnControllerTest" classname="Tests.Feature.PurchaseOrderReturnControllerTest" assertions="6" time="0.049156"/>
        <testcase name="test_can_list_show_and_delete_purchase_order_returns" file="C:\laragon\www\tests\Feature\PurchaseOrderReturnControllerTest.php" line="81" class="Tests\Feature\PurchaseOrderReturnControllerTest" classname="Tests.Feature.PurchaseOrderReturnControllerTest" assertions="8" time="0.045505"/>
        <testcase name="test_cannot_return_more_than_received_quantity" file="C:\laragon\www\tests\Feature\PurchaseOrderReturnControllerTest.php" line="135" class="Tests\Feature\PurchaseOrderReturnControllerTest" classname="Tests.Feature.PurchaseOrderReturnControllerTest" assertions="3" time="0.040885"/>
      </testsuite>
      <testsuite name="Tests\Feature\SaleApiTest" file="C:\laragon\www\tests\Feature\SaleApiTest.php" tests="1" assertions="26" errors="0" failures="0" skipped="0" time="0.052511">
        <testcase name="test_authenticated_user_with_sales_permission_can_create_sale" file="C:\laragon\www\tests\Feature\SaleApiTest.php" line="20" class="Tests\Feature\SaleApiTest" classname="Tests.Feature.SaleApiTest" assertions="26" time="0.052511"/>
      </testsuite>
      <testsuite name="Tests\Feature\StockTransferApiTest" file="C:\laragon\www\tests\Feature\StockTransferApiTest.php" tests="16" assertions="76" errors="0" failures="0" skipped="0" time="0.786733">
        <testcase name="test_unauthenticated_user_cannot_access_stock_transfers" file="C:\laragon\www\tests\Feature\StockTransferApiTest.php" line="75" class="Tests\Feature\StockTransferApiTest" classname="Tests.Feature.StockTransferApiTest" assertions="1" time="0.033144"/>
        <testcase name="test_authenticated_user_can_list_stock_transfers" file="C:\laragon\www\tests\Feature\StockTransferApiTest.php" line="84" class="Tests\Feature\StockTransferApiTest" classname="Tests.Feature.StockTransferApiTest" assertions="27" time="0.054085"/>
        <testcase name="test_can_create_stock_transfer" file="C:\laragon\www\tests\Feature\StockTransferApiTest.php" line="115" class="Tests\Feature\StockTransferApiTest" classname="Tests.Feature.StockTransferApiTest" assertions="10" time="0.044872"/>
        <testcase name="test_validation_when_creating_stock_transfer" file="C:\laragon\www\tests\Feature\StockTransferApiTest.php" line="160" class="Tests\Feature\StockTransferApiTest" classname="Tests.Feature.StockTransferApiTest" assertions="4" time="0.041512"/>
        <testcase name="test_can_view_stock_transfer" file="C:\laragon\www\tests\Feature\StockTransferApiTest.php" line="179" class="Tests\Feature\StockTransferApiTest" classname="Tests.Feature.StockTransferApiTest" assertions="2" time="0.040317"/>
        <testcase name="test_can_approve_stock_transfer" file="C:\laragon\www\tests\Feature\StockTransferApiTest.php" line="203" class="Tests\Feature\StockTransferApiTest" classname="Tests.Feature.StockTransferApiTest" assertions="3" time="0.110780"/>
        <testcase name="test_can_reject_stock_transfer" file="C:\laragon\www\tests\Feature\StockTransferApiTest.php" line="233" class="Tests\Feature\StockTransferApiTest" classname="Tests.Feature.StockTransferApiTest" assertions="3" time="0.061288"/>
        <testcase name="test_can_ship_stock_transfer" file="C:\laragon\www\tests\Feature\StockTransferApiTest.php" line="268" class="Tests\Feature\StockTransferApiTest" classname="Tests.Feature.StockTransferApiTest" assertions="3" time="0.049781"/>
        <testcase name="test_can_receive_stock_transfer" file="C:\laragon\www\tests\Feature\StockTransferApiTest.php" line="318" class="Tests\Feature\StockTransferApiTest" classname="Tests.Feature.StockTransferApiTest" assertions="3" time="0.069006"/>
        <testcase name="test_can_cancel_stock_transfer" file="C:\laragon\www\tests\Feature\StockTransferApiTest.php" line="368" class="Tests\Feature\StockTransferApiTest" classname="Tests.Feature.StockTransferApiTest" assertions="3" time="0.043301"/>
        <testcase name="test_can_get_transfer_statistics" file="C:\laragon\www\tests\Feature\StockTransferApiTest.php" line="402" class="Tests\Feature\StockTransferApiTest" classname="Tests.Feature.StockTransferApiTest" assertions="9" time="0.047692"/>
        <testcase name="test_user_cannot_access_transfers_from_different_company" file="C:\laragon\www\tests\Feature\StockTransferApiTest.php" line="432" class="Tests\Feature\StockTransferApiTest" classname="Tests.Feature.StockTransferApiTest" assertions="1" time="0.038292"/>
        <testcase name="test_cannot_approve_non_pending_transfer" file="C:\laragon\www\tests\Feature\StockTransferApiTest.php" line="454" class="Tests\Feature\StockTransferApiTest" classname="Tests.Feature.StockTransferApiTest" assertions="1" time="0.035896"/>
        <testcase name="test_cannot_ship_without_sufficient_stock" file="C:\laragon\www\tests\Feature\StockTransferApiTest.php" line="472" class="Tests\Feature\StockTransferApiTest" classname="Tests.Feature.StockTransferApiTest" assertions="1" time="0.044339"/>
        <testcase name="test_can_update_stock_transfer_notes" file="C:\laragon\www\tests\Feature\StockTransferApiTest.php" line="507" class="Tests\Feature\StockTransferApiTest" classname="Tests.Feature.StockTransferApiTest" assertions="2" time="0.037314"/>
        <testcase name="test_can_delete_stock_transfer" file="C:\laragon\www\tests\Feature\StockTransferApiTest.php" line="537" class="Tests\Feature\StockTransferApiTest" classname="Tests.Feature.StockTransferApiTest" assertions="3" time="0.035116"/>
      </testsuite>
      <testsuite name="Tests\Feature\TenantManagerTest" file="C:\laragon\www\tests\Feature\TenantManagerTest.php" tests="1" assertions="3" errors="0" failures="0" skipped="0" time="0.023742">
        <testcase name="test_tenant_manager_resolves_company_by_host_subdomain" file="C:\laragon\www\tests\Feature\TenantManagerTest.php" line="15" class="Tests\Feature\TenantManagerTest" classname="Tests.Feature.TenantManagerTest" assertions="3" time="0.023742"/>
      </testsuite>
    </testsuite>
  </testsuite>
</testsuites>
